\BOOKMARK [1][-]{figure.caption.2}{\376\377\144\130\211\201}{}% 1
\BOOKMARK [1][-]{figure.caption.2}{\376\377\000A\000B\000S\000T\000R\000A\000C\000T}{}% 2
\BOOKMARK [1][-]{section.1}{\376\377\176\352\213\272}{}% 3
\BOOKMARK [2][-]{subsection.1.1}{\376\377\170\024\172\166\200\314\146\157\116\016\141\017\116\111}{section.1}% 4
\BOOKMARK [2][-]{subsection.1.2}{\376\377\126\375\121\205\131\026\170\024\172\166\163\260\162\266}{section.1}% 5
\BOOKMARK [3][-]{subsubsection.1.2.1}{\376\377\122\250\201\011\166\044\122\006\122\162\170\024\172\166\163\260\162\266}{subsection.1.2}% 6
\BOOKMARK [3][-]{subsubsection.1.2.2}{\376\377\170\064\210\302\230\316\226\151\230\204\155\113\170\024\172\166\163\260\162\266}{subsection.1.2}% 7
\BOOKMARK [2][-]{subsection.1.3}{\376\377\213\376\230\230\147\145\156\220\116\016\170\024\172\166\121\205\133\271}{section.1}% 8
\BOOKMARK [2][-]{subsection.1.4}{\376\377\213\272\145\207\176\323\147\204\133\211\143\222}{section.1}% 9
\BOOKMARK [1][-]{section.2}{\376\377\174\373\176\337\133\236\163\260\116\016\145\271\154\325\213\276\213\241}{}% 10
\BOOKMARK [2][-]{subsection.2.1}{\376\377\174\373\176\337\140\073\117\123\147\266\147\204}{section.2}% 11
\BOOKMARK [2][-]{subsection.2.2}{\376\377\122\250\201\011\166\044\122\006\122\162\152\041\127\127\213\276\213\241}{section.2}% 12
\BOOKMARK [3][-]{subsubsection.2.2.1}{\376\377\145\160\143\156\176\304\176\307\116\016\155\101\137\017\210\145\116\001\221\307\150\067}{subsection.2.2}% 13
\BOOKMARK [3][-]{subsubsection.2.2.2}{\376\377\177\121\176\334\176\323\147\204}{subsection.2.2}% 14
\BOOKMARK [3][-]{subsubsection.2.2.3}{\376\377\143\137\131\061\121\375\145\160\116\016\213\255\176\303\173\126\165\145}{subsection.2.2}% 15
\BOOKMARK [3][-]{subsubsection.2.2.4}{\376\377\213\304\117\060\116\016\176\323\147\234\221\315\136\372}{subsection.2.2}% 16
\BOOKMARK [2][-]{subsection.2.3}{\376\377\170\064\210\302\230\316\226\151\230\204\155\113\152\041\127\127\213\276\213\241}{section.2}% 17
\BOOKMARK [3][-]{subsubsection.2.3.1}{\376\377\210\150\150\074\145\160\143\156\230\204\131\004\164\006}{subsection.2.3}% 18
\BOOKMARK [3][-]{subsubsection.2.3.2}{\376\377\116\244\123\311\154\350\141\017\122\233\230\316\226\151\152\041\127\213}{subsection.2.3}% 19
\BOOKMARK [3][-]{subsubsection.2.3.3}{\376\377\213\255\176\303\116\016\226\010\120\074\117\030\123\026}{subsection.2.3}% 20
\BOOKMARK [1][-]{section.3}{\376\377\133\236\232\214\213\276\213\241\116\016\176\323\147\234\122\006\147\220}{}% 21
\BOOKMARK [2][-]{subsection.3.1}{\376\377\133\236\232\214\163\257\130\203\116\016\133\236\163\260\221\115\177\156}{section.3}% 22
\BOOKMARK [2][-]{subsection.3.2}{\376\377\213\304\116\367\143\007\150\007}{section.3}% 23
\BOOKMARK [3][-]{subsubsection.3.2.1}{\376\377\122\006\122\162\116\373\122\241\143\007\150\007}{subsection.3.2}% 24
\BOOKMARK [3][-]{subsubsection.3.2.2}{\376\377\230\316\226\151\230\204\155\113\143\007\150\007}{subsection.3.2}% 25
\BOOKMARK [2][-]{subsection.3.3}{\376\377\122\006\122\162\133\236\232\214\176\323\147\234\122\006\147\220}{section.3}% 26
\BOOKMARK [3][-]{subsubsection.3.3.1}{\376\377\213\255\176\303\217\307\172\013\210\150\163\260}{subsection.3.3}% 27
\BOOKMARK [3][-]{subsubsection.3.3.2}{\376\377\221\315\136\372\176\323\147\234\116\016\123\357\165\050\140\047}{subsection.3.3}% 28
\BOOKMARK [2][-]{subsection.3.4}{\376\377\230\316\226\151\230\204\155\113\176\323\147\234\122\006\147\220}{section.3}% 29
\BOOKMARK [3][-]{subsubsection.3.4.1}{\376\377\162\171\137\201\131\004\164\006\145\110\147\234}{subsection.3.4}% 30
\BOOKMARK [3][-]{subsubsection.3.4.2}{\376\377\226\010\120\074\144\034\175\042\116\016\154\333\123\026\210\150\163\260}{subsection.3.4}% 31
\BOOKMARK [3][-]{subsubsection.3.4.3}{\376\377\116\244\123\311\154\350\141\017\122\233\147\072\122\066\122\006\147\220}{subsection.3.4}% 32
\BOOKMARK [2][-]{subsection.3.5}{\376\377\155\210\207\215\116\016\116\015\215\263\213\250\213\272}{section.3}% 33
\BOOKMARK [3][-]{subsubsection.3.5.1}{\376\377\121\163\225\056\213\276\213\241\145\066\166\312}{subsection.3.5}% 34
\BOOKMARK [3][-]{subsubsection.3.5.2}{\376\377\137\123\122\115\134\100\226\120}{subsection.3.5}% 35
\BOOKMARK [1][-]{section.4}{\376\377\176\323\213\272\116\016\134\125\147\033}{}% 36
\BOOKMARK [2][-]{subsection.4.1}{\376\377\135\345\117\134\140\073\176\323}{section.4}% 37
\BOOKMARK [2][-]{subsection.4.2}{\376\377\116\015\215\263\116\016\124\016\176\355\134\125\147\033}{section.4}% 38
\BOOKMARK [1][-]{subsection.4.2}{\376\377\123\302\200\003\145\207\163\056}{}% 39
\BOOKMARK [1][-]{subsection.4.2}{\376\377\226\104\137\125\000A\377\032\121\163\225\056\221\115\177\156\116\016\131\015\163\260\133\236\232\214\153\145\232\244}{}% 40
\BOOKMARK [1][-]{Item.26}{\376\377\201\364\214\042}{}% 41
\BOOKMARK [1][-]{Item.26}{\376\377\123\237\122\033\140\047\130\360\146\016\124\214\117\177\165\050\143\210\147\103\116\146}{}% 42
